// Jest Snapshot v1, https://goo.gl/fbAQLP

exports[`public api 1`] = `
Array [
  "ALL_EXPRESSIONS",
  "$$INDEX",
  "$$ARRAY",
  "$$ACC",
  "$$SORT_A",
  "$$SORT_B",
  "$arrayIncludes",
  "$arrayIncludesAll",
  "$arrayIncludesAny",
  "$arrayLength",
  "$arrayReduce",
  "$arrayMap",
  "$arrayEvery",
  "$arraySome",
  "$arrayFilter",
  "$arrayFindIndex",
  "$arrayIndexOf",
  "$arrayFind",
  "$arrayReverse",
  "$arraySort",
  "$arrayPush",
  "$arrayPop",
  "$arrayUnshift",
  "$arrayShift",
  "$arraySlice",
  "$arraySubstitute",
  "$arrayAddAt",
  "$arrayRemoveAt",
  "$arrayJoin",
  "$arrayAt",
  "ARRAY_EXPRESSIONS",
  "$boolean",
  "BOOLEAN_EXPRESSIONS",
  "$eq",
  "$notEq",
  "$in",
  "$notIn",
  "$gt",
  "$gte",
  "$lt",
  "$lte",
  "$matches",
  "COMPARISON_EXPRESSIONS",
  "DATE_ISO",
  "DATE_ISO_DATE",
  "DATE_ISO_WEEK_DATE",
  "DATE_ISO_TIME",
  "DATE_RFC2822",
  "DATE_HTTP",
  "DATE_SQL",
  "DATE_SQL_DATE",
  "DATE_SQL_TIME",
  "DATE_UNIX_EPOCH_MS",
  "DATE_UNIX_EPOCH_S",
  "DATE_JS_DATE",
  "DATE_PLAIN_OBJECT",
  "DATE_LUXON_DATE_TIME",
  "$date",
  "$dateNow",
  "$dateIsValid",
  "$dateStartOf",
  "$dateEndOf",
  "$dateSet",
  "$dateSetConfig",
  "$dateGt",
  "$dateGte",
  "$dateLt",
  "$dateLte",
  "$dateEq",
  "$dateMoveForward",
  "$dateMoveBackward",
  "DATE_EXPRESSIONS",
  "$pipe",
  "FUNCTIONAL_EXPRESSIONS",
  "$and",
  "$or",
  "$not",
  "$nor",
  "$xor",
  "$if",
  "$switch",
  "$switchKey",
  "LOGICAL_EXPRESSIONS",
  "$mathSum",
  "$mathSub",
  "$mathMult",
  "$mathDiv",
  "$mathMod",
  "$mathPow",
  "$mathAbs",
  "$mathMax",
  "$mathMin",
  "$mathRound",
  "$mathFloor",
  "$mathCeil",
  "MATH_EXPRESSIONS",
  "$numberInt",
  "$numberFloat",
  "NUMBER_EXPRESSIONS",
  "$objectMatches",
  "$objectFormat",
  "$objectDefaults",
  "$objectAssign",
  "OBJECT_EXPRESSIONS",
  "$string",
  "$stringStartsWith",
  "$stringLength",
  "$stringSubstr",
  "$stringConcat",
  "$stringTrim",
  "$stringPadStart",
  "$stringPadEnd",
  "$stringMatch",
  "$stringTest",
  "$stringReplace",
  "$stringToUpperCase",
  "$stringToLowerCase",
  "$stringInterpolate",
  "STRING_EXPRESSIONS",
  "$type",
  "TYPE_EXPRESSIONS",
  "$$VALUE",
  "$value",
  "$literal",
  "$evaluate",
  "VALUE_EXPRESSIONS",
  "isExpression",
  "evaluate",
  "evaluateTyped",
  "interpreter",
]
`;
